FINAL EXPORTS 0 / 111
SAVED 075-holophrasis.png 1200×1500; fit adjustments 0
SAVED atlas-075-holophrasis-8000x10000.png 8000×10000; fit adjustments 0
SAVED 076-homoioteleuton.png 1200×1500; fit adjustments 0
SAVED atlas-076-homoioteleuton-8000x10000.png 8000×10000; fit adjustments 0
SAVED 077-hypostasis.png 1200×1500; fit adjustments 0
SAVED atlas-077-hypostasis-8000x10000.png 8000×10000; fit adjustments 0
SAVED 078-hypotaxis.png 1200×1500; fit adjustments 0
SAVED atlas-078-hypotaxis-8000x10000.png 8000×10000; fit adjustments 0
SAVED 079-iconotext.png 1200×1500; fit adjustments 0
SAVED atlas-079-iconotext-8000x10000.png 8000×10000; fit adjustments 0
FINAL EXPORTS 5 / 111
SAVED 080-illeism.png 1200×1500; fit adjustments 0
SAVED atlas-080-illeism-8000x10000.png 8000×10000; fit adjustments 0
SAVED 081-immanence.png 1200×1500; fit adjustments 0
SAVED atlas-081-immanence-8000x10000.png 8000×10000; fit adjustments 0
SAVED 082-incommensurability.png 1200×1500; fit adjustments 0
SAVED atlas-082-incommensurability-8000x10000.png 8000×10000; fit adjustments 0
SAVED 083-indexicality.png 1200×1500; fit adjustments 0
SAVED atlas-083-indexicality-8000x10000.png 8000×10000; fit adjustments 0
SAVED 084-interpellation.png 1200×1500; fit adjustments 0
SAVED atlas-084-interpellation-8000x10000.png 8000×10000; fit adjustments 0
FINAL EXPORTS 10 / 111
SAVED 038-concrescence.png 1200×1500; fit adjustments 0
SAVED atlas-038-concrescence-8000x10000.png 8000×10000; fit adjustments 0
SAVED 039-conatus.png 1200×1500; fit adjustments 0
SAVED atlas-039-conatus-8000x10000.png 8000×10000; fit adjustments 0
SAVED 040-counterfactuality.png 1200×1500; fit adjustments 0
SAVED atlas-040-counterfactuality-8000x10000.png 8000×10000; fit adjustments 0
SAVED 041-defamiliarization.png 1200×1500; fit adjustments 0
SAVED atlas-041-defamiliarization-8000x10000.png 8000×10000; fit adjustments 0
SAVED 042-dehiscence.png 1200×1500; fit adjustments 0
SAVED atlas-042-dehiscence-8000x10000.png 8000×10000; fit adjustments 0
FINAL EXPORTS 15 / 111
SAVED 043-derealization.png 1200×1500; fit adjustments 0
SAVED atlas-043-derealization-8000x10000.png 8000×10000; fit adjustments 0
SAVED 044-diachronicity.png 1200×1500; fit adjustments 0
SAVED atlas-044-diachronicity-8000x10000.png 8000×10000; fit adjustments 0
SAVED 045-differance.png 1200×1500; fit adjustments 0
SAVED atlas-045-differance-8000x10000.png 8000×10000; fit adjustments 0
SAVED 046-disanalogy.png 1200×1500; fit adjustments 0
SAVED atlas-046-disanalogy-8000x10000.png 8000×10000; fit adjustments 0
SAVED 047-dissensus.png 1200×1500; fit adjustments 0
SAVED atlas-047-dissensus-8000x10000.png 8000×10000; fit adjustments 0
FINAL EXPORTS 20 / 111
SAVED 001-ablaut.png 1200×1500; fit adjustments 0
SAVED atlas-001-ablaut-8000x10000.png 8000×10000; fit adjustments 0
SAVED 002-aboulia.png 1200×1500; fit adjustments 0
SAVED atlas-002-aboulia-8000x10000.png 8000×10000; fit adjustments 0
SAVED 003-acatalepsy.png 1200×1500; fit adjustments 0
SAVED atlas-003-acatalepsy-8000x10000.png 8000×10000; fit adjustments 0
SAVED 004-acedia.png 1200×1500; fit adjustments 0
SAVED atlas-004-acedia-8000x10000.png 8000×10000; fit adjustments 0
SAVED 005-adumbration.png 1200×1500; fit adjustments 0
SAVED atlas-005-adumbration-8000x10000.png 8000×10000; fit adjustments 0
FINAL EXPORTS 25 / 111
SAVED 006-aisthesis.png 1200×1500; fit adjustments 0
SAVED atlas-006-aisthesis-8000x10000.png 8000×10000; fit adjustments 0
SAVED 007-aleatoricism.png 1200×1500; fit adjustments 0
SAVED atlas-007-aleatoricism-8000x10000.png 8000×10000; fit adjustments 0
SAVED 008-alexithymia.png 1200×1500; fit adjustments 0
SAVED atlas-008-alexithymia-8000x10000.png 8000×10000; fit adjustments 0
SAVED 009-allesthesia.png 1200×1500; fit adjustments 0
SAVED atlas-009-allesthesia-8000x10000.png 8000×10000; fit adjustments 0
SAVED 010-allochrony.png 1200×1500; fit adjustments 0
SAVED atlas-010-allochrony-8000x10000.png 8000×10000; fit adjustments 0
FINAL EXPORTS 30 / 111
SAVED 011-amphiboly.png 1200×1500; fit adjustments 0
SAVED atlas-011-amphiboly-8000x10000.png 8000×10000; fit adjustments 0
SAVED 012-anamnesis.png 1200×1500; fit adjustments 0
SAVED atlas-012-anamnesis-8000x10000.png 8000×10000; fit adjustments 0
SAVED 013-anamorphosis.png 1200×1500; fit adjustments 0
SAVED atlas-013-anamorphosis-8000x10000.png 8000×10000; fit adjustments 0
SAVED 014-anaphora.png 1200×1500; fit adjustments 0
SAVED atlas-014-anaphora-8000x10000.png 8000×10000; fit adjustments 0
SAVED 015-anastrophe.png 1200×1500; fit adjustments 0
SAVED atlas-015-anastrophe-8000x10000.png 8000×10000; fit adjustments 0
FINAL EXPORTS 35 / 111
SAVED 016-aniconism.png 1200×1500; fit adjustments 0
SAVED atlas-016-aniconism-8000x10000.png 8000×10000; fit adjustments 0
SAVED 017-antanaclasis.png 1200×1500; fit adjustments 0
SAVED atlas-017-antanaclasis-8000x10000.png 8000×10000; fit adjustments 0
SAVED 018-antimetabole.png 1200×1500; fit adjustments 0
SAVED atlas-018-antimetabole-8000x10000.png 8000×10000; fit adjustments 0
SAVED 019-antiphrasis.png 1200×1500; fit adjustments 0
SAVED atlas-019-antiphrasis-8000x10000.png 8000×10000; fit adjustments 0
SAVED 020-antistrophe.png 1200×1500; fit adjustments 0
SAVED atlas-020-antistrophe-8000x10000.png 8000×10000; fit adjustments 0
FINAL EXPORTS 40 / 111
SAVED 048-dithyramb.png 1200×1500; fit adjustments 0
SAVED atlas-048-dithyramb-8000x10000.png 8000×10000; fit adjustments 0
SAVED 049-ekphrasis.png 1200×1500; fit adjustments 0
SAVED atlas-049-ekphrasis-8000x10000.png 8000×10000; fit adjustments 0
SAVED 050-echolalia.png 1200×1500; fit adjustments 0
SAVED atlas-050-echolalia-8000x10000.png 8000×10000; fit adjustments 0
SAVED 051-eidolon.png 1200×1500; fit adjustments 0
SAVED atlas-051-eidolon-8000x10000.png 8000×10000; fit adjustments 0
SAVED 052-ekstasis.png 1200×1500; fit adjustments 0
SAVED atlas-052-ekstasis-8000x10000.png 8000×10000; fit adjustments 0
FINAL EXPORTS 45 / 111
SAVED 053-elenchus.png 1200×1500; fit adjustments 0
SAVED atlas-053-elenchus-8000x10000.png 8000×10000; fit adjustments 0
SAVED 054-enallage.png 1200×1500; fit adjustments 0
SAVED atlas-054-enallage-8000x10000.png 8000×10000; fit adjustments 0
SAVED 055-energeia.png 1200×1500; fit adjustments 0
SAVED atlas-055-energeia-8000x10000.png 8000×10000; fit adjustments 0
SAVED 056-entelechy.png 1200×1500; fit adjustments 0
SAVED atlas-056-entelechy-8000x10000.png 8000×10000; fit adjustments 0
SAVED 057-enthymeme.png 1200×1500; fit adjustments 0
SAVED atlas-057-enthymeme-8000x10000.png 8000×10000; fit adjustments 0
FINAL EXPORTS 50 / 111
SAVED 085-isomorphism.png 1200×1500; fit adjustments 0
SAVED atlas-085-isomorphism-8000x10000.png 8000×10000; fit adjustments 0
SAVED 086-kairos.png 1200×1500; fit adjustments 0
SAVED atlas-086-kairos-8000x10000.png 8000×10000; fit adjustments 0
SAVED 087-kenosis.png 1200×1500; fit adjustments 0
SAVED atlas-087-kenosis-8000x10000.png 8000×10000; fit adjustments 0
SAVED 088-logopoeia.png 1200×1500; fit adjustments 0
SAVED atlas-088-logopoeia-8000x10000.png 8000×10000; fit adjustments 0
SAVED 089-mereology.png 1200×1500; fit adjustments 0
SAVED atlas-089-mereology-8000x10000.png 8000×10000; fit adjustments 0
FINAL EXPORTS 55 / 111
SAVED 090-metanoia.png 1200×1500; fit adjustments 0
SAVED atlas-090-metanoia-8000x10000.png 8000×10000; fit adjustments 0
SAVED 091-metempsychosis.png 1200×1500; fit adjustments 0
SAVED atlas-091-metempsychosis-8000x10000.png 8000×10000; fit adjustments 0
SAVED 092-mimesis.png 1200×1500; fit adjustments 0
SAVED atlas-092-mimesis-8000x10000.png 8000×10000; fit adjustments 0
SAVED 093-monadology.png 1200×1500; fit adjustments 0
SAVED atlas-093-monadology-8000x10000.png 8000×10000; fit adjustments 0
SAVED 094-noesis.png 1200×1500; fit adjustments 0
SAVED atlas-094-noesis-8000x10000.png 8000×10000; fit adjustments 0
FINAL EXPORTS 60 / 111
FINAL EXPORTS 59 / 111
SAVED 045-differance.png 1200×1500; fit adjustments 0
SAVED atlas-045-differance-8000x10000.png 8000×10000; fit adjustments 0
FINAL EXPORTS 60 / 111
SAVED 095-noema.png 1200×1500; fit adjustments 0
SAVED atlas-095-noema-8000x10000.png 8000×10000; fit adjustments 0
SAVED 096-noumenon.png 1200×1500; fit adjustments 0
SAVED atlas-096-noumenon-8000x10000.png 8000×10000; fit adjustments 0
SAVED 097-ontogenesis.png 1200×1500; fit adjustments 0
SAVED atlas-097-ontogenesis-8000x10000.png 8000×10000; fit adjustments 0
SAVED 098-paradiastole.png 1200×1500; fit adjustments 0
SAVED atlas-098-paradiastole-8000x10000.png 8000×10000; fit adjustments 0
SAVED 099-paronomasia.png 1200×1500; fit adjustments 0
SAVED atlas-099-paronomasia-8000x10000.png 8000×10000; fit adjustments 0
FINAL EXPORTS 65 / 111
SAVED 058-epanalepsis.png 1200×1500; fit adjustments 0
SAVED atlas-058-epanalepsis-8000x10000.png 8000×10000; fit adjustments 0
SAVED 059-epenthesis.png 1200×1500; fit adjustments 0
SAVED atlas-059-epenthesis-8000x10000.png 8000×10000; fit adjustments 0
SAVED 060-epiphenomenon.png 1200×1500; fit adjustments 0
SAVED atlas-060-epiphenomenon-8000x10000.png 8000×10000; fit adjustments 0
SAVED 061-episteme.png 1200×1500; fit adjustments 0
SAVED atlas-061-episteme-8000x10000.png 8000×10000; fit adjustments 0
SAVED 062-epizeuxis.png 1200×1500; fit adjustments 0
SAVED atlas-062-epizeuxis-8000x10000.png 8000×10000; fit adjustments 0
FINAL EXPORTS 70 / 111
SAVED 063-equifinality.png 1200×1500; fit adjustments 0
SAVED atlas-063-equifinality-8000x10000.png 8000×10000; fit adjustments 0
SAVED 064-eschaton.png 1200×1500; fit adjustments 0
SAVED atlas-064-eschaton-8000x10000.png 8000×10000; fit adjustments 0
SAVED 065-eucatastrophe.png 1200×1500; fit adjustments 0
SAVED atlas-065-eucatastrophe-8000x10000.png 8000×10000; fit adjustments 0
SAVED 066-exaptation.png 1200×1500; fit adjustments 0
SAVED atlas-066-exaptation-8000x10000.png 8000×10000; fit adjustments 0
SAVED 067-exergue.png 1200×1500; fit adjustments 0
SAVED atlas-067-exergue-8000x10000.png 8000×10000; fit adjustments 0
FINAL EXPORTS 75 / 111
SAVED 100-peripeteia.png 1200×1500; fit adjustments 0
SAVED atlas-100-peripeteia-8000x10000.png 8000×10000; fit adjustments 0
SAVED 101-pharmakon.png 1200×1500; fit adjustments 0
SAVED atlas-101-pharmakon-8000x10000.png 8000×10000; fit adjustments 0
SAVED 102-pleroma.png 1200×1500; fit adjustments 0
SAVED atlas-102-pleroma-8000x10000.png 8000×10000; fit adjustments 0
SAVED 103-prosopopoeia.png 1200×1500; fit adjustments 0
SAVED atlas-103-prosopopoeia-8000x10000.png 8000×10000; fit adjustments 0
SAVED 104-prolepsis.png 1200×1500; fit adjustments 0
SAVED atlas-104-prolepsis-8000x10000.png 8000×10000; fit adjustments 0
FINAL EXPORTS 80 / 111
SAVED 068-exophora.png 1200×1500; fit adjustments 0
SAVED atlas-068-exophora-8000x10000.png 8000×10000; fit adjustments 0
SAVED 069-facticity.png 1200×1500; fit adjustments 0
SAVED atlas-069-facticity-8000x10000.png 8000×10000; fit adjustments 0
SAVED 070-fissiparity.png 1200×1500; fit adjustments 0
SAVED atlas-070-fissiparity-8000x10000.png 8000×10000; fit adjustments 0
SAVED 071-fulguration.png 1200×1500; fit adjustments 0
SAVED atlas-071-fulguration-8000x10000.png 8000×10000; fit adjustments 0
SAVED 072-gnosis.png 1200×1500; fit adjustments 0
SAVED atlas-072-gnosis-8000x10000.png 8000×10000; fit adjustments 0
FINAL EXPORTS 85 / 111
SAVED 073-hendiadys.png 1200×1500; fit adjustments 0
SAVED atlas-073-hendiadys-8000x10000.png 8000×10000; fit adjustments 0
SAVED 074-heterotopia.png 1200×1500; fit adjustments 0
SAVED atlas-074-heterotopia-8000x10000.png 8000×10000; fit adjustments 0
SAVED 105-prohairesis.png 1200×1500; fit adjustments 0
SAVED atlas-105-prohairesis-8000x10000.png 8000×10000; fit adjustments 0
SAVED 106-rhizome.png 1200×1500; fit adjustments 0
SAVED atlas-106-rhizome-8000x10000.png 8000×10000; fit adjustments 0
SAVED 107-simulacrum.png 1200×1500; fit adjustments 0
SAVED atlas-107-simulacrum-8000x10000.png 8000×10000; fit adjustments 0
FINAL EXPORTS 90 / 111
SAVED 108-syncretism.png 1200×1500; fit adjustments 0
SAVED atlas-108-syncretism-8000x10000.png 8000×10000; fit adjustments 0
SAVED 109-syzygy.png 1200×1500; fit adjustments 0
SAVED atlas-109-syzygy-8000x10000.png 8000×10000; fit adjustments 0
SAVED 110-teleopoiesis.png 1200×1500; fit adjustments 0
SAVED atlas-110-teleopoiesis-8000x10000.png 8000×10000; fit adjustments 0
SAVED 111-zeugma.png 1200×1500; fit adjustments 0
SAVED atlas-111-zeugma-8000x10000.png 8000×10000; fit adjustments 0
FINAL EXPORTS 94 / 111
SAVED 021-aphanisis.png 1200×1500; fit adjustments 0
SAVED atlas-021-aphanisis-8000x10000.png 8000×10000; fit adjustments 0
SAVED 022-apocatastasis.png 1200×1500; fit adjustments 0
SAVED atlas-022-apocatastasis-8000x10000.png 8000×10000; fit adjustments 0
SAVED 023-aposiopesis.png 1200×1500; fit adjustments 0
SAVED atlas-023-aposiopesis-8000x10000.png 8000×10000; fit adjustments 0
SAVED 024-apperception.png 1200×1500; fit adjustments 1
SAVED atlas-024-apperception-8000x10000.png 8000×10000; fit adjustments 1
SAVED 025-appoggiatura.png 1200×1500; fit adjustments 0
SAVED atlas-025-appoggiatura-8000x10000.png 8000×10000; fit adjustments 0
FINAL EXPORTS 99 / 111
SAVED 026-arche.png 1200×1500; fit adjustments 0
SAVED atlas-026-arche-8000x10000.png 8000×10000; fit adjustments 0
SAVED 027-asyndeton.png 1200×1500; fit adjustments 0
SAVED atlas-027-asyndeton-8000x10000.png 8000×10000; fit adjustments 0
SAVED 028-ataraxia.png 1200×1500; fit adjustments 0
SAVED atlas-028-ataraxia-8000x10000.png 8000×10000; fit adjustments 0
SAVED 029-autotelism.png 1200×1500; fit adjustments 0
SAVED atlas-029-autotelism-8000x10000.png 8000×10000; fit adjustments 0
SAVED 030-bathos.png 1200×1500; fit adjustments 0
SAVED atlas-030-bathos-8000x10000.png 8000×10000; fit adjustments 0
FINAL EXPORTS 104 / 111
SAVED 031-bricolage.png 1200×1500; fit adjustments 0
SAVED atlas-031-bricolage-8000x10000.png 8000×10000; fit adjustments 0
SAVED 032-catabasis.png 1200×1500; fit adjustments 0
SAVED atlas-032-catabasis-8000x10000.png 8000×10000; fit adjustments 0
SAVED 033-catachresis.png 1200×1500; fit adjustments 0
SAVED atlas-033-catachresis-8000x10000.png 8000×10000; fit adjustments 0
SAVED 034-cataphora.png 1200×1500; fit adjustments 0
SAVED atlas-034-cataphora-8000x10000.png 8000×10000; fit adjustments 0
SAVED 035-catharsis.png 1200×1500; fit adjustments 0
SAVED atlas-035-catharsis-8000x10000.png 8000×10000; fit adjustments 0
FINAL EXPORTS 109 / 111
SAVED 036-chora.png 1200×1500; fit adjustments 0
SAVED atlas-036-chora-8000x10000.png 8000×10000; fit adjustments 0
SAVED 037-chronotope.png 1200×1500; fit adjustments 0
SAVED atlas-037-chronotope-8000x10000.png 8000×10000; fit adjustments 0
FINAL EXPORTS 111 / 111
ALL 111 FINAL IMAGES EXPORTED
